2026-10-03 20:28:07 [TestNG-tests-3] INFO  MyLoginTest - Login Test Start
2026-10-03 20:28:08 [TestNG-tests-1] INFO  MyLoginTest - Login Test Start
2026-10-03 20:28:19 [TestNG-tests-3] INFO  MyLoginTest - My Accoutn Page is Opening
2026-10-03 20:28:21 [TestNG-tests-1] INFO  MyLoginTest - My Accoutn Page is Opening
2026-10-03 20:28:26 [TestNG-tests-2] INFO  MyLoginTest - Login Test Start
2026-10-03 20:28:43 [TestNG-tests-2] INFO  MyLoginTest - My Accoutn Page is Opening
2026-10-03 20:29:08 [TestNG-tests-1] INFO  AccountRegisteration - Test Case 1
2026-10-03 20:29:12 [TestNG-tests-2] INFO  AccountRegisteration - Test Case 1
2026-10-03 20:29:17 [TestNG-tests-1] INFO  AccountRegisteration - Verify Resgistration URL 
2026-10-03 20:29:31 [TestNG-tests-2] INFO  AccountRegisteration - Verify Resgistration URL 
2026-10-03 20:29:34 [TestNG-tests-3] INFO  AccountRegisteration - Test Case 1
2026-10-03 20:29:37 [TestNG-tests-3] INFO  AccountRegisteration - Verify Resgistration URL 
2026-10-03 20:29:38 [TestNG-tests-2] INFO  AccountRegisteration - Registration confirmation message: Your Account Has Been Created!
2026-10-03 20:29:41 [TestNG-tests-2] INFO  AccountRegisteration - *****Test Case 4**
2026-10-03 20:29:42 [TestNG-tests-1] INFO  AccountRegisteration - Registration confirmation message: Your Account Has Been Created!
2026-10-03 20:29:42 [TestNG-tests-2] INFO  AccountRegisteration - Verify Resgistration URL 
2026-10-03 20:29:44 [TestNG-tests-2] INFO  AccountRegisteration - Validating the First NAme warning message
2026-10-03 20:29:44 [TestNG-tests-2] INFO  AccountRegisteration - Validating the Last NAme warning message
2026-10-03 20:29:44 [TestNG-tests-2] INFO  AccountRegisteration - Validating the Email warning message
2026-10-03 20:29:44 [TestNG-tests-2] INFO  AccountRegisteration - Validating the TelePhone NUmber warning message
2026-10-03 20:29:44 [TestNG-tests-2] INFO  AccountRegisteration - Validating the Password warning message
2026-10-03 20:29:44 [TestNG-tests-2] INFO  AccountRegisteration - Validating the Privacy Policy warning message
2026-10-03 20:29:45 [TestNG-tests-2] INFO  AccountRegisteration - *****Test Case 4 Pass**
2026-10-03 20:29:45 [TestNG-tests-1] INFO  AccountRegisteration - *****Test Case 4**
2026-10-03 20:29:46 [TestNG-tests-2] INFO  AccountRegisteration - Test Case 5 & 6
2026-10-03 20:29:47 [TestNG-tests-2] INFO  AccountRegisteration - Verify Resgistration URL 
2026-10-03 20:29:47 [TestNG-tests-1] INFO  AccountRegisteration - Verify Resgistration URL 
2026-10-03 20:29:47 [TestNG-tests-3] INFO  AccountRegisteration - Registration confirmation message: Your Account Has Been Created!
2026-10-03 20:29:49 [TestNG-tests-1] INFO  AccountRegisteration - Validating the First NAme warning message
2026-10-03 20:29:50 [TestNG-tests-2] INFO  AccountRegisteration - Registration confirmation message: Your Account Has Been Created!
2026-10-03 20:29:51 [TestNG-tests-1] INFO  AccountRegisteration - Validating the Last NAme warning message
2026-10-03 20:29:51 [TestNG-tests-1] INFO  AccountRegisteration - Validating the Email warning message
2026-10-03 20:29:51 [TestNG-tests-1] INFO  AccountRegisteration - Validating the TelePhone NUmber warning message
2026-10-03 20:29:51 [TestNG-tests-1] INFO  AccountRegisteration - Validating the Password warning message
2026-10-03 20:29:52 [TestNG-tests-3] INFO  AccountRegisteration - *****Test Case 4**
2026-10-03 20:29:52 [TestNG-tests-1] INFO  AccountRegisteration - Validating the Privacy Policy warning message
2026-10-03 20:29:52 [TestNG-tests-1] INFO  AccountRegisteration - *****Test Case 4 Pass**
2026-10-03 20:29:52 [TestNG-tests-2] INFO  AccountRegisteration - Newsletter Yes validation completed successfully
2026-10-03 20:29:54 [TestNG-tests-3] INFO  AccountRegisteration - Verify Resgistration URL 
2026-10-03 20:29:54 [TestNG-tests-1] INFO  AccountRegisteration - Test Case 5 & 6
2026-10-03 20:29:55 [TestNG-tests-3] INFO  AccountRegisteration - Validating the First NAme warning message
2026-10-03 20:29:55 [TestNG-tests-1] INFO  AccountRegisteration - Verify Resgistration URL 
2026-10-03 20:29:56 [TestNG-tests-3] INFO  AccountRegisteration - Validating the Last NAme warning message
2026-10-03 20:29:56 [TestNG-tests-2] INFO  AccountRegisteration - Newsletter test completed successfully for status: Yes
2026-10-03 20:29:56 [TestNG-tests-2] INFO  AccountRegisteration - Test Case 5 & 6
2026-10-03 20:29:56 [TestNG-tests-3] INFO  AccountRegisteration - Validating the Email warning message
2026-10-03 20:29:56 [TestNG-tests-3] INFO  AccountRegisteration - Validating the TelePhone NUmber warning message
2026-10-03 20:29:56 [TestNG-tests-3] INFO  AccountRegisteration - Validating the Password warning message
2026-10-03 20:29:56 [TestNG-tests-3] INFO  AccountRegisteration - Validating the Privacy Policy warning message
2026-10-03 20:29:56 [TestNG-tests-3] INFO  AccountRegisteration - *****Test Case 4 Pass**
2026-10-03 20:29:56 [TestNG-tests-2] INFO  AccountRegisteration - Verify Resgistration URL 
2026-10-03 20:29:58 [TestNG-tests-3] INFO  AccountRegisteration - Test Case 5 & 6
2026-10-03 20:29:59 [TestNG-tests-3] INFO  AccountRegisteration - Verify Resgistration URL 
2026-10-03 20:29:59 [TestNG-tests-2] INFO  AccountRegisteration - Registration confirmation message: Your Account Has Been Created!
2026-10-03 20:30:00 [TestNG-tests-1] INFO  AccountRegisteration - Registration confirmation message: Your Account Has Been Created!
2026-10-03 20:30:03 [TestNG-tests-2] INFO  AccountRegisteration - Newsletter No validation completed successfully
2026-10-03 20:30:09 [TestNG-tests-3] INFO  AccountRegisteration - Registration confirmation message: Your Account Has Been Created!
2026-10-03 20:30:09 [TestNG-tests-1] INFO  AccountRegisteration - Newsletter Yes validation completed successfully
2026-10-03 20:30:09 [TestNG-tests-2] INFO  AccountRegisteration - Newsletter test completed successfully for status: No
2026-10-03 20:30:13 [TestNG-tests-1] INFO  AccountRegisteration - Newsletter test completed successfully for status: Yes
2026-10-03 20:30:13 [TestNG-tests-1] INFO  AccountRegisteration - Test Case 5 & 6
2026-10-03 20:30:13 [TestNG-tests-3] INFO  AccountRegisteration - Newsletter Yes validation completed successfully
2026-10-03 20:30:15 [TestNG-tests-1] INFO  AccountRegisteration - Verify Resgistration URL 
2026-10-03 20:30:24 [TestNG-tests-1] INFO  AccountRegisteration - Registration confirmation message: Your Account Has Been Created!
2026-10-03 20:30:26 [TestNG-tests-3] INFO  AccountRegisteration - Newsletter test completed successfully for status: Yes
2026-10-03 20:30:27 [TestNG-tests-1] INFO  AccountRegisteration - Newsletter No validation completed successfully
2026-10-03 20:30:27 [TestNG-tests-3] INFO  AccountRegisteration - Test Case 5 & 6
2026-10-03 20:30:29 [TestNG-tests-3] INFO  AccountRegisteration - Verify Resgistration URL 
2026-10-03 20:30:31 [TestNG-tests-1] INFO  AccountRegisteration - Newsletter test completed successfully for status: No
2026-10-03 20:30:33 [TestNG-tests-3] INFO  AccountRegisteration - Registration confirmation message: Your Account Has Been Created!
2026-10-03 20:30:35 [TestNG-tests-3] INFO  AccountRegisteration - Newsletter No validation completed successfully
2026-10-03 20:30:36 [TestNG-tests-3] INFO  AccountRegisteration - Newsletter test completed successfully for status: No
2026-10-03 20:47:12 [TestNG-tests-3] INFO  MyLoginTest - Login Test Start
2026-10-03 20:47:13 [TestNG-tests-1] INFO  MyLoginTest - Login Test Start
2026-10-03 20:47:16 [TestNG-tests-1] INFO  MyLoginTest - My Accoutn Page is Opening
2026-10-03 20:47:17 [TestNG-tests-3] INFO  MyLoginTest - My Accoutn Page is Opening
2026-10-03 20:47:25 [TestNG-tests-1] INFO  AccountRegisteration - Test Case 1
2026-10-03 20:47:28 [TestNG-tests-3] INFO  AccountRegisteration - Test Case 1
2026-10-03 20:47:30 [TestNG-tests-3] INFO  AccountRegisteration - Verify Resgistration URL 
2026-10-03 20:47:30 [TestNG-tests-1] INFO  AccountRegisteration - Verify Resgistration URL 
2026-10-03 20:47:32 [TestNG-tests-2] INFO  MyLoginTest - Login Test Start
2026-10-03 20:47:34 [TestNG-tests-3] INFO  AccountRegisteration - Registration confirmation message: Your Account Has Been Created!
2026-10-03 20:47:35 [TestNG-tests-1] INFO  AccountRegisteration - Registration confirmation message: Your Account Has Been Created!
2026-10-03 20:47:36 [TestNG-tests-3] INFO  AccountRegisteration - *****Test Case 4**
2026-10-03 20:47:36 [TestNG-tests-2] INFO  MyLoginTest - My Accoutn Page is Opening
2026-10-03 20:47:37 [TestNG-tests-3] INFO  AccountRegisteration - Verify Resgistration URL 
2026-10-03 20:47:37 [TestNG-tests-3] INFO  AccountRegisteration - Validating the First NAme warning message
2026-10-03 20:47:38 [TestNG-tests-1] INFO  AccountRegisteration - *****Test Case 4**
2026-10-03 20:47:38 [TestNG-tests-3] INFO  AccountRegisteration - Validating the Last NAme warning message
2026-10-03 20:47:38 [TestNG-tests-3] INFO  AccountRegisteration - Validating the Email warning message
2026-10-03 20:47:38 [TestNG-tests-3] INFO  AccountRegisteration - Validating the TelePhone NUmber warning message
2026-10-03 20:47:38 [TestNG-tests-3] INFO  AccountRegisteration - Validating the Password warning message
2026-10-03 20:47:39 [TestNG-tests-3] INFO  AccountRegisteration - Validating the Privacy Policy warning message
2026-10-03 20:47:39 [TestNG-tests-3] INFO  AccountRegisteration - *****Test Case 4 Pass**
2026-10-03 20:47:39 [TestNG-tests-1] INFO  AccountRegisteration - Verify Resgistration URL 
2026-10-03 20:47:40 [TestNG-tests-3] INFO  AccountRegisteration - Test Case 5 & 6
2026-10-03 20:47:40 [TestNG-tests-3] INFO  AccountRegisteration - Verify Resgistration URL 
2026-10-03 20:47:41 [TestNG-tests-1] INFO  AccountRegisteration - Validating the First NAme warning message
2026-10-03 20:47:41 [TestNG-tests-1] INFO  AccountRegisteration - Validating the Last NAme warning message
2026-10-03 20:47:41 [TestNG-tests-1] INFO  AccountRegisteration - Validating the Email warning message
2026-10-03 20:47:41 [TestNG-tests-1] INFO  AccountRegisteration - Validating the TelePhone NUmber warning message
2026-10-03 20:47:41 [TestNG-tests-1] INFO  AccountRegisteration - Validating the Password warning message
2026-10-03 20:47:41 [TestNG-tests-1] INFO  AccountRegisteration - Validating the Privacy Policy warning message
2026-10-03 20:47:41 [TestNG-tests-1] INFO  AccountRegisteration - *****Test Case 4 Pass**
2026-10-03 20:47:42 [TestNG-tests-1] INFO  AccountRegisteration - Test Case 5 & 6
2026-10-03 20:47:43 [TestNG-tests-1] INFO  AccountRegisteration - Verify Resgistration URL 
2026-10-03 20:47:43 [TestNG-tests-3] INFO  AccountRegisteration - Registration confirmation message: Your Account Has Been Created!
2026-10-03 20:47:45 [TestNG-tests-3] INFO  AccountRegisteration - Newsletter Yes validation completed successfully
2026-10-03 20:47:47 [TestNG-tests-3] INFO  AccountRegisteration - Newsletter test completed successfully for status: Yes
2026-10-03 20:47:47 [TestNG-tests-3] INFO  AccountRegisteration - Test Case 5 & 6
2026-10-03 20:47:47 [TestNG-tests-1] INFO  AccountRegisteration - Registration confirmation message: Your Account Has Been Created!
2026-10-03 20:47:49 [TestNG-tests-3] INFO  AccountRegisteration - Verify Resgistration URL 
2026-10-03 20:47:52 [TestNG-tests-1] INFO  AccountRegisteration - Newsletter Yes validation completed successfully
2026-10-03 20:47:53 [TestNG-tests-2] INFO  AccountRegisteration - Test Case 1
2026-10-03 20:47:54 [TestNG-tests-2] INFO  AccountRegisteration - Verify Resgistration URL 
2026-10-03 20:47:55 [TestNG-tests-1] INFO  AccountRegisteration - Newsletter test completed successfully for status: Yes
2026-10-03 20:47:55 [TestNG-tests-1] INFO  AccountRegisteration - Test Case 5 & 6
2026-10-03 20:47:56 [TestNG-tests-3] INFO  AccountRegisteration - Registration confirmation message: Your Account Has Been Created!
2026-10-03 20:47:56 [TestNG-tests-1] INFO  AccountRegisteration - Verify Resgistration URL 
2026-10-03 20:47:57 [TestNG-tests-3] INFO  AccountRegisteration - Newsletter No validation completed successfully
2026-10-03 20:47:57 [TestNG-tests-2] INFO  AccountRegisteration - Registration confirmation message: Your Account Has Been Created!
2026-10-03 20:47:59 [TestNG-tests-2] INFO  AccountRegisteration - *****Test Case 4**
2026-10-03 20:48:00 [TestNG-tests-3] INFO  AccountRegisteration - Newsletter test completed successfully for status: No
2026-10-03 20:48:00 [TestNG-tests-1] INFO  AccountRegisteration - Registration confirmation message: Your Account Has Been Created!
2026-10-03 20:48:00 [TestNG-tests-2] INFO  AccountRegisteration - Verify Resgistration URL 
2026-10-03 20:48:02 [TestNG-tests-2] INFO  AccountRegisteration - Validating the First NAme warning message
2026-10-03 20:48:02 [TestNG-tests-2] INFO  AccountRegisteration - Validating the Last NAme warning message
2026-10-03 20:48:02 [TestNG-tests-2] INFO  AccountRegisteration - Validating the Email warning message
2026-10-03 20:48:02 [TestNG-tests-2] INFO  AccountRegisteration - Validating the TelePhone NUmber warning message
2026-10-03 20:48:03 [TestNG-tests-1] INFO  AccountRegisteration - Newsletter No validation completed successfully
2026-10-03 20:48:03 [TestNG-tests-2] INFO  AccountRegisteration - Validating the Password warning message
2026-10-03 20:48:03 [TestNG-tests-2] INFO  AccountRegisteration - Validating the Privacy Policy warning message
2026-10-03 20:48:03 [TestNG-tests-2] INFO  AccountRegisteration - *****Test Case 4 Pass**
2026-10-03 20:48:03 [TestNG-tests-2] INFO  AccountRegisteration - Test Case 5 & 6
2026-10-03 20:48:04 [TestNG-tests-2] INFO  AccountRegisteration - Verify Resgistration URL 
2026-10-03 20:48:05 [TestNG-tests-1] INFO  AccountRegisteration - Newsletter test completed successfully for status: No
2026-10-03 20:48:07 [TestNG-tests-2] INFO  AccountRegisteration - Registration confirmation message: Your Account Has Been Created!
2026-10-03 20:48:08 [TestNG-tests-2] INFO  AccountRegisteration - Newsletter Yes validation completed successfully
2026-10-03 20:48:09 [TestNG-tests-2] INFO  AccountRegisteration - Newsletter test completed successfully for status: Yes
2026-10-03 20:48:09 [TestNG-tests-2] INFO  AccountRegisteration - Test Case 5 & 6
2026-10-03 20:48:10 [TestNG-tests-2] INFO  AccountRegisteration - Verify Resgistration URL 
2026-10-03 20:48:12 [TestNG-tests-2] INFO  AccountRegisteration - Registration confirmation message: Your Account Has Been Created!
2026-10-03 20:48:12 [TestNG-tests-2] INFO  AccountRegisteration - Newsletter No validation completed successfully
2026-10-03 20:48:14 [TestNG-tests-2] INFO  AccountRegisteration - Newsletter test completed successfully for status: No
2026-10-05 19:11:13 [main] INFO  AccountRegisteration - Test Case 7
2026-10-05 19:11:15 [main] INFO  AccountRegisteration - Verify Resgistration URL 
2026-10-05 19:17:13 [main] INFO  AccountRegisteration - Test Case 7
2026-10-05 19:17:14 [main] INFO  AccountRegisteration - Verify Resgistration URL 
2026-10-05 19:20:23 [main] INFO  AccountRegisteration - Test Case 7
2026-10-05 19:20:24 [main] INFO  AccountRegisteration - Verify Resgistration URL 
2026-10-05 19:20:26 [main] INFO  AccountRegisteration - Register Page Navigation Test completed successfully
2026-10-05 19:24:22 [main] INFO  AccountRegisteration - Test Case 7
2026-10-05 19:24:24 [main] INFO  AccountRegisteration - Verify Resgistration URL 
2026-10-05 19:24:29 [main] INFO  AccountRegisteration - Register Page Navigation Test completed successfully
2026-10-05 19:39:49 [main] INFO  AccountRegisteration - Test Case 7
2026-10-05 19:39:50 [main] INFO  AccountRegisteration - Verify Resgistration URL 
2026-10-05 19:39:52 [main] INFO  AccountRegisteration - Register Page Navigation Test completed successfully
2026-10-05 19:39:52 [main] INFO  AccountRegisteration - Test Case 8
2026-10-05 19:39:52 [main] INFO  AccountRegisteration - Verify Resgistration URL 
2026-10-05 19:43:34 [main] INFO  AccountRegisteration - Test Case 7
2026-10-05 19:43:34 [main] INFO  AccountRegisteration - Verify Resgistration URL 
2026-10-05 19:43:36 [main] INFO  AccountRegisteration - Register Page Navigation Test completed successfully
2026-10-05 19:43:36 [main] INFO  AccountRegisteration - Test Case 8
2026-10-05 19:43:37 [main] INFO  AccountRegisteration - Verify Resgistration URL 
2026-10-05 19:46:49 [main] INFO  AccountRegisteration - Test Case 7
2026-10-05 19:46:50 [main] INFO  AccountRegisteration - Verify Resgistration URL 
2026-10-05 19:46:52 [main] INFO  AccountRegisteration - Register Page Navigation Test completed successfully
2026-10-05 19:46:52 [main] INFO  AccountRegisteration - Test Case 8
2026-10-05 19:46:52 [main] INFO  AccountRegisteration - Verify Resgistration URL 
2026-10-05 19:46:58 [main] INFO  AccountRegisteration - Continue Without Entering Confirm Password Test completed successfully
2026-10-05 19:53:04 [main] INFO  AccountRegisteration - Test Case 7
2026-10-05 19:53:05 [main] INFO  AccountRegisteration - Verify Resgistration URL 
2026-10-05 19:53:07 [main] INFO  AccountRegisteration - Register Page Navigation Test completed successfully
2026-10-05 19:53:07 [main] INFO  AccountRegisteration - Test Case 8
2026-10-05 19:53:08 [main] INFO  AccountRegisteration - Verify Resgistration URL 
2026-10-05 19:53:11 [main] INFO  AccountRegisteration - Continue Without Entering Confirm Password Test completed successfully
2026-10-05 19:55:33 [main] INFO  AccountRegisteration - Test Case 7
2026-10-05 19:55:33 [main] INFO  AccountRegisteration - Verify Resgistration URL 
2026-10-05 19:55:36 [main] INFO  AccountRegisteration - Register Page Navigation Test completed successfully
2026-10-05 19:55:36 [main] INFO  AccountRegisteration - Test Case 8
2026-10-05 19:55:36 [main] INFO  AccountRegisteration - Verify Resgistration URL 
2026-10-05 19:55:38 [main] INFO  AccountRegisteration - Confirm Password Warning Message validated successfullyActual Message: Password confirmation does not match password! Expected Message: Password confirmation does not match password!
2026-10-05 19:55:39 [main] INFO  AccountRegisteration - Continue Without Entering Confirm Password Test completed successfully
2026-10-05 19:59:35 [TestNG-tests-1] INFO  MyLoginTest - Login Test Start
2026-10-05 19:59:39 [TestNG-tests-1] INFO  MyLoginTest - My Accoutn Page is Opening
2026-10-05 19:59:46 [TestNG-tests-1] INFO  AccountRegisteration - Test Case 1
2026-10-05 19:59:48 [TestNG-tests-1] INFO  AccountRegisteration - Verify Resgistration URL 
2026-10-05 19:59:52 [TestNG-tests-2] INFO  MyLoginTest - Login Test Start
2026-10-05 19:59:55 [TestNG-tests-1] INFO  AccountRegisteration - Registration confirmation message: Your Account Has Been Created!
2026-10-05 19:59:56 [TestNG-tests-2] INFO  MyLoginTest - My Accoutn Page is Opening
2026-10-05 19:59:57 [TestNG-tests-1] INFO  AccountRegisteration - *****Test Case 4**
2026-10-05 19:59:57 [TestNG-tests-1] INFO  AccountRegisteration - Verify Resgistration URL 
2026-10-05 19:59:58 [TestNG-tests-1] INFO  AccountRegisteration - Validating the First NAme warning message
2026-10-05 19:59:58 [TestNG-tests-1] INFO  AccountRegisteration - Validating the Last NAme warning message
2026-10-05 19:59:58 [TestNG-tests-1] INFO  AccountRegisteration - Validating the Email warning message
2026-10-05 19:59:59 [TestNG-tests-1] INFO  AccountRegisteration - Validating the TelePhone NUmber warning message
2026-10-05 19:59:59 [TestNG-tests-1] INFO  AccountRegisteration - Validating the Password warning message
2026-10-05 19:59:59 [TestNG-tests-1] INFO  AccountRegisteration - Validating the Privacy Policy warning message
2026-10-05 19:59:59 [TestNG-tests-1] INFO  AccountRegisteration - *****Test Case 4 Pass**
2026-10-05 20:00:00 [TestNG-tests-1] INFO  AccountRegisteration - Test Case 5 & 6
2026-10-05 20:00:05 [TestNG-tests-1] INFO  AccountRegisteration - Verify Resgistration URL 
2026-10-05 20:00:05 [TestNG-tests-3] INFO  MyLoginTest - Login Test Start
2026-10-05 20:00:10 [TestNG-tests-3] INFO  MyLoginTest - My Accoutn Page is Opening
2026-10-05 20:00:11 [TestNG-tests-1] INFO  AccountRegisteration - Registration confirmation message: Your Account Has Been Created!
2026-10-05 20:00:13 [TestNG-tests-1] INFO  AccountRegisteration - Newsletter Yes validation completed successfully
2026-10-05 20:00:15 [TestNG-tests-1] INFO  AccountRegisteration - Newsletter test completed successfully for status: Yes
2026-10-05 20:00:15 [TestNG-tests-1] INFO  AccountRegisteration - Test Case 5 & 6
2026-10-05 20:00:17 [TestNG-tests-2] INFO  AccountRegisteration - Test Case 1
2026-10-05 20:00:17 [TestNG-tests-1] INFO  AccountRegisteration - Verify Resgistration URL 
2026-10-05 20:00:22 [TestNG-tests-2] INFO  AccountRegisteration - Verify Resgistration URL 
2026-10-05 20:00:28 [TestNG-tests-2] INFO  AccountRegisteration - Registration confirmation message: Your Account Has Been Created!
2026-10-05 20:00:29 [TestNG-tests-3] INFO  AccountRegisteration - Test Case 1
2026-10-05 20:00:30 [TestNG-tests-1] INFO  AccountRegisteration - Registration confirmation message: Your Account Has Been Created!
2026-10-05 20:00:30 [TestNG-tests-2] INFO  AccountRegisteration - *****Test Case 4**
2026-10-05 20:00:31 [TestNG-tests-2] INFO  AccountRegisteration - Verify Resgistration URL 
2026-10-05 20:00:32 [TestNG-tests-3] INFO  AccountRegisteration - Verify Resgistration URL 
2026-10-05 20:00:32 [TestNG-tests-2] INFO  AccountRegisteration - Validating the First NAme warning message
2026-10-05 20:00:32 [TestNG-tests-2] INFO  AccountRegisteration - Validating the Last NAme warning message
2026-10-05 20:00:32 [TestNG-tests-1] INFO  AccountRegisteration - Newsletter No validation completed successfully
2026-10-05 20:00:32 [TestNG-tests-2] INFO  AccountRegisteration - Validating the Email warning message
2026-10-05 20:00:32 [TestNG-tests-2] INFO  AccountRegisteration - Validating the TelePhone NUmber warning message
2026-10-05 20:00:32 [TestNG-tests-2] INFO  AccountRegisteration - Validating the Password warning message
2026-10-05 20:00:32 [TestNG-tests-2] INFO  AccountRegisteration - Validating the Privacy Policy warning message
2026-10-05 20:00:32 [TestNG-tests-2] INFO  AccountRegisteration - *****Test Case 4 Pass**
2026-10-05 20:00:34 [TestNG-tests-2] INFO  AccountRegisteration - Test Case 5 & 6
2026-10-05 20:00:35 [TestNG-tests-2] INFO  AccountRegisteration - Verify Resgistration URL 
2026-10-05 20:00:35 [TestNG-tests-1] INFO  AccountRegisteration - Newsletter test completed successfully for status: No
2026-10-05 20:00:35 [TestNG-tests-1] INFO  AccountRegisteration - Test Case 7
2026-10-05 20:00:36 [TestNG-tests-3] INFO  AccountRegisteration - Registration confirmation message: Your Account Has Been Created!
2026-10-05 20:00:37 [TestNG-tests-1] INFO  AccountRegisteration - Verify Resgistration URL 
2026-10-05 20:00:38 [TestNG-tests-2] INFO  AccountRegisteration - Registration confirmation message: Your Account Has Been Created!
2026-10-05 20:00:39 [TestNG-tests-3] INFO  AccountRegisteration - *****Test Case 4**
2026-10-05 20:00:40 [TestNG-tests-2] INFO  AccountRegisteration - Newsletter Yes validation completed successfully
2026-10-05 20:00:41 [TestNG-tests-3] INFO  AccountRegisteration - Verify Resgistration URL 
2026-10-05 20:00:42 [TestNG-tests-2] INFO  AccountRegisteration - Newsletter test completed successfully for status: Yes
2026-10-05 20:00:42 [TestNG-tests-2] INFO  AccountRegisteration - Test Case 5 & 6
2026-10-05 20:00:43 [TestNG-tests-2] INFO  AccountRegisteration - Verify Resgistration URL 
2026-10-05 20:00:49 [TestNG-tests-3] INFO  AccountRegisteration - Validating the First NAme warning message
2026-10-05 20:00:49 [TestNG-tests-3] INFO  AccountRegisteration - Validating the Last NAme warning message
2026-10-05 20:00:50 [TestNG-tests-3] INFO  AccountRegisteration - Validating the Email warning message
2026-10-05 20:00:50 [TestNG-tests-3] INFO  AccountRegisteration - Validating the TelePhone NUmber warning message
2026-10-05 20:00:51 [TestNG-tests-3] INFO  AccountRegisteration - Validating the Password warning message
2026-10-05 20:00:51 [TestNG-tests-3] INFO  AccountRegisteration - Validating the Privacy Policy warning message
2026-10-05 20:00:51 [TestNG-tests-2] INFO  AccountRegisteration - Registration confirmation message: Your Account Has Been Created!
2026-10-05 20:00:51 [TestNG-tests-3] INFO  AccountRegisteration - *****Test Case 4 Pass**
2026-10-05 20:00:52 [TestNG-tests-3] INFO  AccountRegisteration - Test Case 5 & 6
2026-10-05 20:00:52 [TestNG-tests-2] INFO  AccountRegisteration - Newsletter No validation completed successfully
2026-10-05 20:00:53 [TestNG-tests-1] INFO  AccountRegisteration - Register Page Navigation Test completed successfully
2026-10-05 20:00:53 [TestNG-tests-1] INFO  AccountRegisteration - Test Case 8
2026-10-05 20:00:53 [TestNG-tests-3] INFO  AccountRegisteration - Verify Resgistration URL 
2026-10-05 20:00:54 [TestNG-tests-2] INFO  AccountRegisteration - Newsletter test completed successfully for status: No
2026-10-05 20:00:54 [TestNG-tests-2] INFO  AccountRegisteration - Test Case 7
2026-10-05 20:00:54 [TestNG-tests-1] INFO  AccountRegisteration - Verify Resgistration URL 
2026-10-05 20:00:55 [TestNG-tests-2] INFO  AccountRegisteration - Verify Resgistration URL 
2026-10-05 20:00:58 [TestNG-tests-3] INFO  AccountRegisteration - Registration confirmation message: Your Account Has Been Created!
2026-10-05 20:00:58 [TestNG-tests-2] INFO  AccountRegisteration - Register Page Navigation Test completed successfully
2026-10-05 20:00:58 [TestNG-tests-2] INFO  AccountRegisteration - Test Case 8
2026-10-05 20:00:58 [TestNG-tests-1] INFO  AccountRegisteration - Confirm Password Warning Message validated successfullyActual Message: Password confirmation does not match password! Expected Message: Password confirmation does not match password!
2026-10-05 20:00:59 [TestNG-tests-1] INFO  AccountRegisteration - Continue Without Entering Confirm Password Test completed successfully
2026-10-05 20:00:59 [TestNG-tests-2] INFO  AccountRegisteration - Verify Resgistration URL 
2026-10-05 20:01:00 [TestNG-tests-3] INFO  AccountRegisteration - Newsletter Yes validation completed successfully
2026-10-05 20:01:01 [TestNG-tests-3] INFO  AccountRegisteration - Newsletter test completed successfully for status: Yes
2026-10-05 20:01:01 [TestNG-tests-3] INFO  AccountRegisteration - Test Case 5 & 6
2026-10-05 20:01:01 [TestNG-tests-2] INFO  AccountRegisteration - Confirm Password Warning Message validated successfullyActual Message: Password confirmation does not match password! Expected Message: Password confirmation does not match password!
2026-10-05 20:01:01 [TestNG-tests-2] INFO  AccountRegisteration - Continue Without Entering Confirm Password Test completed successfully
2026-10-05 20:01:02 [TestNG-tests-3] INFO  AccountRegisteration - Verify Resgistration URL 
2026-10-05 20:01:06 [TestNG-tests-3] INFO  AccountRegisteration - Registration confirmation message: Your Account Has Been Created!
2026-10-05 20:01:08 [TestNG-tests-3] INFO  AccountRegisteration - Newsletter No validation completed successfully
2026-10-05 20:01:09 [TestNG-tests-3] INFO  AccountRegisteration - Newsletter test completed successfully for status: No
2026-10-05 20:01:09 [TestNG-tests-3] INFO  AccountRegisteration - Test Case 7
2026-10-05 20:01:09 [TestNG-tests-3] INFO  AccountRegisteration - Verify Resgistration URL 
2026-10-05 20:01:12 [TestNG-tests-3] INFO  AccountRegisteration - Register Page Navigation Test completed successfully
2026-10-05 20:01:12 [TestNG-tests-3] INFO  AccountRegisteration - Test Case 8
2026-10-05 20:01:12 [TestNG-tests-3] INFO  AccountRegisteration - Verify Resgistration URL 
2026-10-05 20:01:14 [TestNG-tests-3] INFO  AccountRegisteration - Confirm Password Warning Message validated successfullyActual Message: Password confirmation does not match password! Expected Message: Password confirmation does not match password!
2026-10-05 20:01:14 [TestNG-tests-3] INFO  AccountRegisteration - Continue Without Entering Confirm Password Test completed successfully
2026-10-05 20:22:20 [TestNG-tests-2] INFO  MyLoginTest - Login Test Start
2026-10-05 20:22:28 [TestNG-tests-1] INFO  MyLoginTest - Login Test Start
2026-10-05 20:22:32 [TestNG-tests-3] INFO  MyLoginTest - Login Test Start
2026-10-05 20:23:04 [TestNG-tests-1] INFO  AccountRegisteration - Test Case 1
2026-10-05 20:23:04 [TestNG-tests-3] INFO  AccountRegisteration - Test Case 1
2026-10-05 20:23:05 [TestNG-tests-2] INFO  AccountRegisteration - Test Case 1
2026-10-05 20:23:11 [TestNG-tests-1] INFO  AccountRegisteration - Verify Resgistration URL 
2026-10-05 20:23:11 [TestNG-tests-3] INFO  AccountRegisteration - Verify Resgistration URL 
2026-10-05 20:23:12 [TestNG-tests-2] INFO  AccountRegisteration - Verify Resgistration URL 
2026-10-05 20:23:20 [TestNG-tests-1] INFO  AccountRegisteration - Registration confirmation message: Your Account Has Been Created!
2026-10-05 20:23:21 [TestNG-tests-2] INFO  AccountRegisteration - Registration confirmation message: Your Account Has Been Created!
2026-10-05 20:23:21 [TestNG-tests-3] INFO  AccountRegisteration - Registration confirmation message: Your Account Has Been Created!
2026-10-05 20:23:23 [TestNG-tests-2] INFO  AccountRegisteration - *****Test Case 4**
2026-10-05 20:23:24 [TestNG-tests-1] INFO  AccountRegisteration - *****Test Case 4**
2026-10-05 20:23:25 [TestNG-tests-3] INFO  AccountRegisteration - *****Test Case 4**
2026-10-05 20:23:25 [TestNG-tests-2] INFO  AccountRegisteration - Verify Resgistration URL 
2026-10-05 20:23:26 [TestNG-tests-3] INFO  AccountRegisteration - Verify Resgistration URL 
2026-10-05 20:23:27 [TestNG-tests-1] INFO  AccountRegisteration - Verify Resgistration URL 
2026-10-05 20:23:27 [TestNG-tests-2] INFO  AccountRegisteration - Validating the First NAme warning message
2026-10-05 20:23:27 [TestNG-tests-2] INFO  AccountRegisteration - Validating the Last NAme warning message
2026-10-05 20:23:27 [TestNG-tests-2] INFO  AccountRegisteration - Validating the Email warning message
2026-10-05 20:23:28 [TestNG-tests-2] INFO  AccountRegisteration - Validating the TelePhone NUmber warning message
2026-10-05 20:23:28 [TestNG-tests-2] INFO  AccountRegisteration - Validating the Password warning message
2026-10-05 20:23:28 [TestNG-tests-1] INFO  AccountRegisteration - Validating the First NAme warning message
2026-10-05 20:23:28 [TestNG-tests-2] INFO  AccountRegisteration - Validating the Privacy Policy warning message
2026-10-05 20:23:28 [TestNG-tests-1] INFO  AccountRegisteration - Validating the Last NAme warning message
2026-10-05 20:23:28 [TestNG-tests-3] INFO  AccountRegisteration - Validating the First NAme warning message
2026-10-05 20:23:28 [TestNG-tests-1] INFO  AccountRegisteration - Validating the Email warning message
2026-10-05 20:23:28 [TestNG-tests-1] INFO  AccountRegisteration - Validating the TelePhone NUmber warning message
2026-10-05 20:23:28 [TestNG-tests-3] INFO  AccountRegisteration - Validating the Last NAme warning message
2026-10-05 20:23:28 [TestNG-tests-1] INFO  AccountRegisteration - Validating the Password warning message
2026-10-05 20:23:28 [TestNG-tests-3] INFO  AccountRegisteration - Validating the Email warning message
2026-10-05 20:23:28 [TestNG-tests-1] INFO  AccountRegisteration - Validating the Privacy Policy warning message
2026-10-05 20:23:28 [TestNG-tests-3] INFO  AccountRegisteration - Validating the TelePhone NUmber warning message
2026-10-05 20:23:28 [TestNG-tests-2] INFO  AccountRegisteration - *****Test Case 4 Pass**
2026-10-05 20:23:28 [TestNG-tests-3] INFO  AccountRegisteration - Validating the Password warning message
2026-10-05 20:23:28 [TestNG-tests-1] INFO  AccountRegisteration - *****Test Case 4 Pass**
2026-10-05 20:23:29 [TestNG-tests-3] INFO  AccountRegisteration - Validating the Privacy Policy warning message
2026-10-05 20:23:29 [TestNG-tests-3] INFO  AccountRegisteration - *****Test Case 4 Pass**
2026-10-05 20:23:30 [TestNG-tests-3] INFO  AccountRegisteration - Test Case 5 & 6
2026-10-05 20:23:30 [TestNG-tests-1] INFO  AccountRegisteration - Test Case 5 & 6
2026-10-05 20:23:30 [TestNG-tests-2] INFO  AccountRegisteration - Test Case 5 & 6
2026-10-05 20:23:31 [TestNG-tests-2] INFO  AccountRegisteration - Verify Resgistration URL 
2026-10-05 20:23:31 [TestNG-tests-1] INFO  AccountRegisteration - Verify Resgistration URL 
2026-10-05 20:23:31 [TestNG-tests-3] INFO  AccountRegisteration - Verify Resgistration URL 
2026-10-05 20:23:34 [TestNG-tests-2] INFO  AccountRegisteration - Registration confirmation message: Your Account Has Been Created!
2026-10-05 20:23:36 [TestNG-tests-1] INFO  AccountRegisteration - Registration confirmation message: Your Account Has Been Created!
2026-10-05 20:23:36 [TestNG-tests-2] INFO  AccountRegisteration - Newsletter Yes validation completed successfully
2026-10-05 20:23:36 [TestNG-tests-3] INFO  AccountRegisteration - Registration confirmation message: Your Account Has Been Created!
2026-10-05 20:23:39 [TestNG-tests-2] INFO  AccountRegisteration - Newsletter test completed successfully for status: Yes
2026-10-05 20:23:39 [TestNG-tests-2] INFO  AccountRegisteration - Test Case 5 & 6
2026-10-05 20:23:39 [TestNG-tests-1] INFO  AccountRegisteration - Newsletter Yes validation completed successfully
2026-10-05 20:23:40 [TestNG-tests-2] INFO  AccountRegisteration - Verify Resgistration URL 
2026-10-05 20:23:42 [TestNG-tests-2] INFO  AccountRegisteration - Registration confirmation message: Your Account Has Been Created!
2026-10-05 20:23:42 [TestNG-tests-1] INFO  AccountRegisteration - Newsletter test completed successfully for status: Yes
2026-10-05 20:23:42 [TestNG-tests-1] INFO  AccountRegisteration - Test Case 5 & 6
2026-10-05 20:23:44 [TestNG-tests-1] INFO  AccountRegisteration - Verify Resgistration URL 
2026-10-05 20:23:44 [TestNG-tests-2] INFO  AccountRegisteration - Newsletter No validation completed successfully
2026-10-05 20:23:45 [TestNG-tests-3] INFO  AccountRegisteration - Newsletter Yes validation completed successfully
2026-10-05 20:23:46 [TestNG-tests-2] INFO  AccountRegisteration - Newsletter test completed successfully for status: No
2026-10-05 20:23:46 [TestNG-tests-2] INFO  AccountRegisteration - Test Case 7
2026-10-05 20:23:47 [TestNG-tests-2] INFO  AccountRegisteration - Verify Resgistration URL 
2026-10-05 20:23:48 [TestNG-tests-2] INFO  AccountRegisteration - Test Case 8
2026-10-05 20:23:49 [TestNG-tests-3] INFO  AccountRegisteration - Newsletter test completed successfully for status: Yes
2026-10-05 20:23:49 [TestNG-tests-3] INFO  AccountRegisteration - Test Case 5 & 6
2026-10-05 20:23:49 [TestNG-tests-1] INFO  AccountRegisteration - Registration confirmation message: Your Account Has Been Created!
2026-10-05 20:23:51 [TestNG-tests-1] INFO  AccountRegisteration - Newsletter No validation completed successfully
2026-10-05 20:23:52 [TestNG-tests-3] INFO  AccountRegisteration - Verify Resgistration URL 
2026-10-05 20:23:54 [TestNG-tests-1] INFO  AccountRegisteration - Newsletter test completed successfully for status: No
2026-10-05 20:23:55 [TestNG-tests-1] INFO  AccountRegisteration - Test Case 7
2026-10-05 20:23:56 [TestNG-tests-1] INFO  AccountRegisteration - Verify Resgistration URL 
2026-10-05 20:23:56 [TestNG-tests-1] INFO  AccountRegisteration - Test Case 8
2026-10-05 20:23:57 [TestNG-tests-3] INFO  AccountRegisteration - Registration confirmation message: Your Account Has Been Created!
2026-10-05 20:23:58 [TestNG-tests-3] INFO  AccountRegisteration - Newsletter No validation completed successfully
2026-10-05 20:24:00 [TestNG-tests-3] INFO  AccountRegisteration - Newsletter test completed successfully for status: No
2026-10-05 20:24:00 [TestNG-tests-3] INFO  AccountRegisteration - Test Case 7
2026-10-05 20:24:00 [TestNG-tests-3] INFO  AccountRegisteration - Verify Resgistration URL 
2026-10-05 20:24:00 [TestNG-tests-3] INFO  AccountRegisteration - Test Case 8
2026-10-05 20:28:37 [TestNG-tests-1] INFO  MyLoginTest - Login Test Start
2026-10-05 20:28:38 [TestNG-tests-3] INFO  MyLoginTest - Login Test Start
2026-10-05 20:28:56 [TestNG-tests-3] INFO  AccountRegisteration - Test Case 1
2026-10-05 20:28:56 [TestNG-tests-1] INFO  AccountRegisteration - Test Case 1
2026-10-05 20:28:57 [TestNG-tests-3] INFO  AccountRegisteration - Verify Resgistration URL 
2026-10-05 20:28:58 [TestNG-tests-1] INFO  AccountRegisteration - Verify Resgistration URL 
2026-10-05 20:29:02 [TestNG-tests-2] INFO  MyLoginTest - Login Test Start
2026-10-05 20:29:03 [TestNG-tests-3] INFO  AccountRegisteration - Registration confirmation message: Your Account Has Been Created!
2026-10-05 20:29:04 [TestNG-tests-3] INFO  AccountRegisteration - *****Test Case 4**
2026-10-05 20:29:05 [TestNG-tests-3] INFO  AccountRegisteration - Verify Resgistration URL 
2026-10-05 20:29:06 [TestNG-tests-1] INFO  AccountRegisteration - Registration confirmation message: Your Account Has Been Created!
2026-10-05 20:29:07 [TestNG-tests-3] INFO  AccountRegisteration - Validating the First NAme warning message
2026-10-05 20:29:07 [TestNG-tests-3] INFO  AccountRegisteration - Validating the Last NAme warning message
2026-10-05 20:29:07 [TestNG-tests-3] INFO  AccountRegisteration - Validating the Email warning message
2026-10-05 20:29:07 [TestNG-tests-3] INFO  AccountRegisteration - Validating the TelePhone NUmber warning message
2026-10-05 20:29:07 [TestNG-tests-3] INFO  AccountRegisteration - Validating the Password warning message
2026-10-05 20:29:07 [TestNG-tests-3] INFO  AccountRegisteration - Validating the Privacy Policy warning message
2026-10-05 20:29:07 [TestNG-tests-3] INFO  AccountRegisteration - *****Test Case 4 Pass**
2026-10-05 20:29:08 [TestNG-tests-1] INFO  AccountRegisteration - *****Test Case 4**
2026-10-05 20:29:08 [TestNG-tests-3] INFO  AccountRegisteration - Test Case 5 & 6
2026-10-05 20:29:09 [TestNG-tests-1] INFO  AccountRegisteration - Verify Resgistration URL 
2026-10-05 20:29:09 [TestNG-tests-3] INFO  AccountRegisteration - Verify Resgistration URL 
2026-10-05 20:29:12 [TestNG-tests-1] INFO  AccountRegisteration - Validating the First NAme warning message
2026-10-05 20:29:13 [TestNG-tests-1] INFO  AccountRegisteration - Validating the Last NAme warning message
2026-10-05 20:29:13 [TestNG-tests-1] INFO  AccountRegisteration - Validating the Email warning message
2026-10-05 20:29:13 [TestNG-tests-1] INFO  AccountRegisteration - Validating the TelePhone NUmber warning message
2026-10-05 20:29:13 [TestNG-tests-1] INFO  AccountRegisteration - Validating the Password warning message
2026-10-05 20:29:13 [TestNG-tests-1] INFO  AccountRegisteration - Validating the Privacy Policy warning message
2026-10-05 20:29:14 [TestNG-tests-1] INFO  AccountRegisteration - *****Test Case 4 Pass**
2026-10-05 20:29:16 [TestNG-tests-1] INFO  AccountRegisteration - Test Case 5 & 6
2026-10-05 20:29:17 [TestNG-tests-2] INFO  AccountRegisteration - Test Case 1
2026-10-05 20:29:18 [TestNG-tests-1] INFO  AccountRegisteration - Verify Resgistration URL 
2026-10-05 20:29:18 [TestNG-tests-3] INFO  AccountRegisteration - Registration confirmation message: Your Account Has Been Created!
2026-10-05 20:29:18 [TestNG-tests-2] INFO  AccountRegisteration - Verify Resgistration URL 
2026-10-05 20:29:21 [TestNG-tests-3] INFO  AccountRegisteration - Newsletter Yes validation completed successfully
2026-10-05 20:29:21 [TestNG-tests-2] INFO  AccountRegisteration - Registration confirmation message: Your Account Has Been Created!
2026-10-05 20:29:23 [TestNG-tests-3] INFO  AccountRegisteration - Newsletter test completed successfully for status: Yes
2026-10-05 20:29:23 [TestNG-tests-3] INFO  AccountRegisteration - Test Case 5 & 6
2026-10-05 20:29:23 [TestNG-tests-1] INFO  AccountRegisteration - Registration confirmation message: Your Account Has Been Created!
2026-10-05 20:29:24 [TestNG-tests-3] INFO  AccountRegisteration - Verify Resgistration URL 
2026-10-05 20:29:24 [TestNG-tests-2] INFO  AccountRegisteration - *****Test Case 4**
2026-10-05 20:29:25 [TestNG-tests-1] INFO  AccountRegisteration - Newsletter Yes validation completed successfully
2026-10-05 20:29:25 [TestNG-tests-2] INFO  AccountRegisteration - Verify Resgistration URL 
2026-10-05 20:29:27 [TestNG-tests-2] INFO  AccountRegisteration - Validating the First NAme warning message
2026-10-05 20:29:27 [TestNG-tests-2] INFO  AccountRegisteration - Validating the Last NAme warning message
2026-10-05 20:29:27 [TestNG-tests-2] INFO  AccountRegisteration - Validating the Email warning message
2026-10-05 20:29:27 [TestNG-tests-2] INFO  AccountRegisteration - Validating the TelePhone NUmber warning message
2026-10-05 20:29:27 [TestNG-tests-2] INFO  AccountRegisteration - Validating the Password warning message
2026-10-05 20:29:27 [TestNG-tests-2] INFO  AccountRegisteration - Validating the Privacy Policy warning message
2026-10-05 20:29:27 [TestNG-tests-2] INFO  AccountRegisteration - *****Test Case 4 Pass**
2026-10-05 20:29:28 [TestNG-tests-1] INFO  AccountRegisteration - Newsletter test completed successfully for status: Yes
2026-10-05 20:29:28 [TestNG-tests-1] INFO  AccountRegisteration - Test Case 5 & 6
2026-10-05 20:29:28 [TestNG-tests-3] INFO  AccountRegisteration - Registration confirmation message: Your Account Has Been Created!
2026-10-05 20:29:29 [TestNG-tests-2] INFO  AccountRegisteration - Test Case 5 & 6
2026-10-05 20:29:30 [TestNG-tests-1] INFO  AccountRegisteration - Verify Resgistration URL 
2026-10-05 20:29:31 [TestNG-tests-2] INFO  AccountRegisteration - Verify Resgistration URL 
2026-10-05 20:29:32 [TestNG-tests-3] INFO  AccountRegisteration - Newsletter No validation completed successfully
2026-10-05 20:29:35 [TestNG-tests-2] INFO  AccountRegisteration - Registration confirmation message: Your Account Has Been Created!
2026-10-05 20:29:35 [TestNG-tests-3] INFO  AccountRegisteration - Newsletter test completed successfully for status: No
2026-10-05 20:29:35 [TestNG-tests-3] INFO  AccountRegisteration - Test Case 7
2026-10-05 20:29:35 [TestNG-tests-1] INFO  AccountRegisteration - Registration confirmation message: Your Account Has Been Created!
2026-10-05 20:29:36 [TestNG-tests-3] INFO  AccountRegisteration - Verify Resgistration URL 
2026-10-05 20:29:37 [TestNG-tests-1] INFO  AccountRegisteration - Newsletter No validation completed successfully
2026-10-05 20:29:37 [TestNG-tests-3] INFO  AccountRegisteration - Test Case 8
2026-10-05 20:29:37 [TestNG-tests-2] INFO  AccountRegisteration - Newsletter Yes validation completed successfully
2026-10-05 20:29:38 [TestNG-tests-1] INFO  AccountRegisteration - Newsletter test completed successfully for status: No
2026-10-05 20:29:38 [TestNG-tests-1] INFO  AccountRegisteration - Test Case 7
2026-10-05 20:29:40 [TestNG-tests-1] INFO  AccountRegisteration - Verify Resgistration URL 
2026-10-05 20:29:40 [TestNG-tests-2] INFO  AccountRegisteration - Newsletter test completed successfully for status: Yes
2026-10-05 20:29:40 [TestNG-tests-2] INFO  AccountRegisteration - Test Case 5 & 6
2026-10-05 20:29:41 [TestNG-tests-2] INFO  AccountRegisteration - Verify Resgistration URL 
2026-10-05 20:29:41 [TestNG-tests-1] INFO  AccountRegisteration - Test Case 8
2026-10-05 20:29:44 [TestNG-tests-2] INFO  AccountRegisteration - Registration confirmation message: Your Account Has Been Created!
2026-10-05 20:29:45 [TestNG-tests-2] INFO  AccountRegisteration - Newsletter No validation completed successfully
2026-10-05 20:29:46 [TestNG-tests-2] INFO  AccountRegisteration - Newsletter test completed successfully for status: No
2026-10-05 20:29:46 [TestNG-tests-2] INFO  AccountRegisteration - Test Case 7
2026-10-05 20:29:47 [TestNG-tests-2] INFO  AccountRegisteration - Verify Resgistration URL 
2026-10-05 20:29:47 [TestNG-tests-2] INFO  AccountRegisteration - Test Case 8
2026-10-05 20:33:00 [main] INFO  AccountRegisteration - Test Case 1
2026-10-05 20:33:01 [main] INFO  AccountRegisteration - Verify Resgistration URL 
2026-10-05 20:33:04 [main] INFO  AccountRegisteration - Registration confirmation message: Your Account Has Been Created!
2026-10-05 20:33:05 [main] INFO  AccountRegisteration - *****Test Case 4**
2026-10-05 20:33:06 [main] INFO  AccountRegisteration - Verify Resgistration URL 
2026-10-05 20:33:06 [main] INFO  AccountRegisteration - Validating the First NAme warning message
2026-10-05 20:33:06 [main] INFO  AccountRegisteration - Validating the Last NAme warning message
2026-10-05 20:33:06 [main] INFO  AccountRegisteration - Validating the Email warning message
2026-10-05 20:33:06 [main] INFO  AccountRegisteration - Validating the TelePhone NUmber warning message
2026-10-05 20:33:06 [main] INFO  AccountRegisteration - Validating the Password warning message
2026-10-05 20:33:06 [main] INFO  AccountRegisteration - Validating the Privacy Policy warning message
2026-10-05 20:33:06 [main] INFO  AccountRegisteration - *****Test Case 4 Pass**
2026-10-05 20:33:07 [main] INFO  AccountRegisteration - Test Case 5 & 6
2026-10-05 20:33:07 [main] INFO  AccountRegisteration - Verify Resgistration URL 
2026-10-05 20:33:10 [main] INFO  AccountRegisteration - Registration confirmation message: Your Account Has Been Created!
2026-10-05 20:33:11 [main] INFO  AccountRegisteration - Newsletter Yes validation completed successfully
2026-10-05 20:33:13 [main] INFO  AccountRegisteration - Newsletter test completed successfully for status: Yes
2026-10-05 20:33:13 [main] INFO  AccountRegisteration - Test Case 5 & 6
2026-10-05 20:33:13 [main] INFO  AccountRegisteration - Verify Resgistration URL 
2026-10-05 20:33:15 [main] INFO  AccountRegisteration - Registration confirmation message: Your Account Has Been Created!
2026-10-05 20:33:16 [main] INFO  AccountRegisteration - Newsletter No validation completed successfully
2026-10-05 20:33:17 [main] INFO  AccountRegisteration - Newsletter test completed successfully for status: No
2026-10-05 20:33:17 [main] INFO  AccountRegisteration - Test Case 7
2026-10-05 20:33:17 [main] INFO  AccountRegisteration - Verify Resgistration URL 
2026-10-05 20:33:18 [main] INFO  AccountRegisteration - Test Case 8
2026-10-05 20:33:32 [main] INFO  MyLoginTest - Login Test Start
2026-10-05 20:40:16 [main] INFO  AccountRegisteration - Test Case 1
2026-10-05 20:40:17 [main] INFO  AccountRegisteration - Verify Resgistration URL 
2026-10-05 20:40:20 [main] INFO  AccountRegisteration - Registration confirmation message: Your Account Has Been Created!
2026-10-05 20:40:21 [main] INFO  AccountRegisteration - *****Test Case 4**
2026-10-05 20:40:22 [main] INFO  AccountRegisteration - Verify Resgistration URL 
2026-10-05 20:40:23 [main] INFO  AccountRegisteration - Validating the First NAme warning message
2026-10-05 20:40:23 [main] INFO  AccountRegisteration - Validating the Last NAme warning message
2026-10-05 20:40:23 [main] INFO  AccountRegisteration - Validating the Email warning message
2026-10-05 20:40:23 [main] INFO  AccountRegisteration - Validating the TelePhone NUmber warning message
2026-10-05 20:40:23 [main] INFO  AccountRegisteration - Validating the Password warning message
2026-10-05 20:40:23 [main] INFO  AccountRegisteration - Validating the Privacy Policy warning message
2026-10-05 20:40:23 [main] INFO  AccountRegisteration - *****Test Case 4 Pass**
2026-10-05 20:40:23 [main] INFO  AccountRegisteration - Test Case 5 & 6
2026-10-05 20:40:24 [main] INFO  AccountRegisteration - Verify Resgistration URL 
2026-10-05 20:40:26 [main] INFO  AccountRegisteration - Registration confirmation message: Your Account Has Been Created!
2026-10-05 20:40:26 [main] INFO  AccountRegisteration - Newsletter Yes validation completed successfully
2026-10-05 20:40:27 [main] INFO  AccountRegisteration - Newsletter test completed successfully for status: Yes
2026-10-05 20:40:27 [main] INFO  AccountRegisteration - Test Case 5 & 6
2026-10-05 20:40:28 [main] INFO  AccountRegisteration - Verify Resgistration URL 
2026-10-05 20:40:30 [main] INFO  AccountRegisteration - Registration confirmation message: Your Account Has Been Created!
2026-10-05 20:40:31 [main] INFO  AccountRegisteration - Newsletter No validation completed successfully
2026-10-05 20:40:32 [main] INFO  AccountRegisteration - Newsletter test completed successfully for status: No
2026-10-05 20:40:32 [main] INFO  AccountRegisteration - Test Case 7
2026-10-05 20:40:32 [main] INFO  AccountRegisteration - Verify Resgistration URL 
2026-10-05 20:40:34 [main] INFO  AccountRegisteration - Register Page Navigation Test completed successfully
2026-10-05 20:40:34 [main] INFO  AccountRegisteration - Test Case 8
2026-10-05 20:40:34 [main] INFO  AccountRegisteration - Verify Resgistration URL 
2026-10-05 20:40:36 [main] INFO  AccountRegisteration - Confirm Password Warning Message validated successfullyActual Message: Password confirmation does not match password! Expected Message: Password confirmation does not match password!
2026-10-05 20:40:36 [main] INFO  AccountRegisteration - Continue Without Entering Confirm Password Test completed successfully
2026-10-05 20:40:41 [main] INFO  MyLoginTest - Login Test Start
2026-10-05 20:40:42 [main] INFO  MyLoginTest - My Accoutn Page is Opening
2026-10-05 20:45:28 [TestNG-tests-1] INFO  MyLoginTest - Login Test Start
2026-10-05 20:45:29 [TestNG-tests-3] INFO  MyLoginTest - Login Test Start
2026-10-05 20:45:32 [TestNG-tests-3] INFO  MyLoginTest - My Accoutn Page is Opening
2026-10-05 20:45:35 [TestNG-tests-1] INFO  MyLoginTest - My Accoutn Page is Opening
2026-10-05 20:45:36 [TestNG-tests-2] INFO  MyLoginTest - Login Test Start
2026-10-05 20:45:39 [TestNG-tests-2] INFO  MyLoginTest - My Accoutn Page is Opening
2026-10-05 20:45:44 [TestNG-tests-1] INFO  AccountRegisteration - Test Case 1
2026-10-05 20:45:45 [TestNG-tests-1] INFO  AccountRegisteration - Verify Resgistration URL 
2026-10-05 20:45:47 [TestNG-tests-3] INFO  AccountRegisteration - Test Case 1
2026-10-05 20:45:50 [TestNG-tests-3] INFO  AccountRegisteration - Verify Resgistration URL 
2026-10-05 20:45:54 [TestNG-tests-2] INFO  AccountRegisteration - Test Case 1
2026-10-05 20:45:54 [TestNG-tests-1] INFO  AccountRegisteration - Registration confirmation message: Your Account Has Been Created!
2026-10-05 20:45:55 [TestNG-tests-2] INFO  AccountRegisteration - Verify Resgistration URL 
2026-10-05 20:45:57 [TestNG-tests-1] INFO  AccountRegisteration - *****Test Case 4**
2026-10-05 20:45:58 [TestNG-tests-1] INFO  AccountRegisteration - Verify Resgistration URL 
2026-10-05 20:45:58 [TestNG-tests-2] INFO  AccountRegisteration - Registration confirmation message: Your Account Has Been Created!
2026-10-05 20:45:59 [TestNG-tests-1] INFO  AccountRegisteration - Validating the First NAme warning message
2026-10-05 20:45:59 [TestNG-tests-1] INFO  AccountRegisteration - Validating the Last NAme warning message
2026-10-05 20:45:59 [TestNG-tests-1] INFO  AccountRegisteration - Validating the Email warning message
2026-10-05 20:45:59 [TestNG-tests-1] INFO  AccountRegisteration - Validating the TelePhone NUmber warning message
2026-10-05 20:46:00 [TestNG-tests-1] INFO  AccountRegisteration - Validating the Password warning message
2026-10-05 20:46:00 [TestNG-tests-1] INFO  AccountRegisteration - Validating the Privacy Policy warning message
2026-10-05 20:46:00 [TestNG-tests-1] INFO  AccountRegisteration - *****Test Case 4 Pass**
2026-10-05 20:46:00 [TestNG-tests-3] INFO  AccountRegisteration - Registration confirmation message: Your Account Has Been Created!
2026-10-05 20:46:00 [TestNG-tests-1] INFO  AccountRegisteration - Test Case 5 & 6
2026-10-05 20:46:01 [TestNG-tests-2] INFO  AccountRegisteration - *****Test Case 4**
2026-10-05 20:46:02 [TestNG-tests-1] INFO  AccountRegisteration - Verify Resgistration URL 
2026-10-05 20:46:02 [TestNG-tests-2] INFO  AccountRegisteration - Verify Resgistration URL 
2026-10-05 20:46:03 [TestNG-tests-3] INFO  AccountRegisteration - *****Test Case 4**
2026-10-05 20:46:03 [TestNG-tests-2] INFO  AccountRegisteration - Validating the First NAme warning message
2026-10-05 20:46:03 [TestNG-tests-2] INFO  AccountRegisteration - Validating the Last NAme warning message
2026-10-05 20:46:03 [TestNG-tests-2] INFO  AccountRegisteration - Validating the Email warning message
2026-10-05 20:46:03 [TestNG-tests-2] INFO  AccountRegisteration - Validating the TelePhone NUmber warning message
2026-10-05 20:46:03 [TestNG-tests-2] INFO  AccountRegisteration - Validating the Password warning message
2026-10-05 20:46:03 [TestNG-tests-2] INFO  AccountRegisteration - Validating the Privacy Policy warning message
2026-10-05 20:46:03 [TestNG-tests-3] INFO  AccountRegisteration - Verify Resgistration URL 
2026-10-05 20:46:03 [TestNG-tests-2] INFO  AccountRegisteration - *****Test Case 4 Pass**
2026-10-05 20:46:04 [TestNG-tests-2] INFO  AccountRegisteration - Test Case 5 & 6
2026-10-05 20:46:05 [TestNG-tests-3] INFO  AccountRegisteration - Validating the First NAme warning message
2026-10-05 20:46:05 [TestNG-tests-3] INFO  AccountRegisteration - Validating the Last NAme warning message
2026-10-05 20:46:05 [TestNG-tests-3] INFO  AccountRegisteration - Validating the Email warning message
2026-10-05 20:46:05 [TestNG-tests-2] INFO  AccountRegisteration - Verify Resgistration URL 
2026-10-05 20:46:05 [TestNG-tests-3] INFO  AccountRegisteration - Validating the TelePhone NUmber warning message
2026-10-05 20:46:05 [TestNG-tests-3] INFO  AccountRegisteration - Validating the Password warning message
2026-10-05 20:46:05 [TestNG-tests-3] INFO  AccountRegisteration - Validating the Privacy Policy warning message
2026-10-05 20:46:05 [TestNG-tests-3] INFO  AccountRegisteration - *****Test Case 4 Pass**
2026-10-05 20:46:06 [TestNG-tests-3] INFO  AccountRegisteration - Test Case 5 & 6
2026-10-05 20:46:06 [TestNG-tests-1] INFO  AccountRegisteration - Registration confirmation message: Your Account Has Been Created!
2026-10-05 20:46:07 [TestNG-tests-3] INFO  AccountRegisteration - Verify Resgistration URL 
2026-10-05 20:46:07 [TestNG-tests-2] INFO  AccountRegisteration - Registration confirmation message: Your Account Has Been Created!
2026-10-05 20:46:09 [TestNG-tests-2] INFO  AccountRegisteration - Newsletter Yes validation completed successfully
2026-10-05 20:46:09 [TestNG-tests-1] INFO  AccountRegisteration - Newsletter Yes validation completed successfully
2026-10-05 20:46:10 [TestNG-tests-2] INFO  AccountRegisteration - Newsletter test completed successfully for status: Yes
2026-10-05 20:46:10 [TestNG-tests-2] INFO  AccountRegisteration - Test Case 5 & 6
2026-10-05 20:46:11 [TestNG-tests-2] INFO  AccountRegisteration - Verify Resgistration URL 
2026-10-05 20:46:12 [TestNG-tests-1] INFO  AccountRegisteration - Newsletter test completed successfully for status: Yes
2026-10-05 20:46:12 [TestNG-tests-1] INFO  AccountRegisteration - Test Case 5 & 6
2026-10-05 20:46:13 [TestNG-tests-1] INFO  AccountRegisteration - Verify Resgistration URL 
2026-10-05 20:46:14 [TestNG-tests-2] INFO  AccountRegisteration - Registration confirmation message: Your Account Has Been Created!
2026-10-05 20:46:14 [TestNG-tests-3] INFO  AccountRegisteration - Registration confirmation message: Your Account Has Been Created!
2026-10-05 20:46:15 [TestNG-tests-2] INFO  AccountRegisteration - Newsletter No validation completed successfully
2026-10-05 20:46:16 [TestNG-tests-3] INFO  AccountRegisteration - Newsletter Yes validation completed successfully
2026-10-05 20:46:17 [TestNG-tests-1] INFO  AccountRegisteration - Registration confirmation message: Your Account Has Been Created!
2026-10-05 20:46:17 [TestNG-tests-2] INFO  AccountRegisteration - Newsletter test completed successfully for status: No
2026-10-05 20:46:17 [TestNG-tests-2] INFO  AccountRegisteration - Test Case 7
2026-10-05 20:46:18 [TestNG-tests-2] INFO  AccountRegisteration - Verify Resgistration URL 
2026-10-05 20:46:20 [TestNG-tests-3] INFO  AccountRegisteration - Newsletter test completed successfully for status: Yes
2026-10-05 20:46:20 [TestNG-tests-3] INFO  AccountRegisteration - Test Case 5 & 6
2026-10-05 20:46:21 [TestNG-tests-3] INFO  AccountRegisteration - Verify Resgistration URL 
2026-10-05 20:46:21 [TestNG-tests-1] INFO  AccountRegisteration - Newsletter No validation completed successfully
2026-10-05 20:46:24 [TestNG-tests-1] INFO  AccountRegisteration - Newsletter test completed successfully for status: No
2026-10-05 20:46:24 [TestNG-tests-1] INFO  AccountRegisteration - Test Case 7
2026-10-05 20:46:24 [TestNG-tests-2] INFO  AccountRegisteration - Register Page Navigation Test completed successfully
2026-10-05 20:46:24 [TestNG-tests-2] INFO  AccountRegisteration - Test Case 8
2026-10-05 20:46:25 [TestNG-tests-2] INFO  AccountRegisteration - Verify Resgistration URL 
2026-10-05 20:46:25 [TestNG-tests-1] INFO  AccountRegisteration - Verify Resgistration URL 
2026-10-05 20:46:28 [TestNG-tests-2] INFO  AccountRegisteration - Confirm Password Warning Message validated successfullyActual Message: Password confirmation does not match password! Expected Message: Password confirmation does not match password!
2026-10-05 20:46:28 [TestNG-tests-3] INFO  AccountRegisteration - Registration confirmation message: Your Account Has Been Created!
2026-10-05 20:46:29 [TestNG-tests-2] INFO  AccountRegisteration - Continue Without Entering Confirm Password Test completed successfully
2026-10-05 20:46:30 [TestNG-tests-3] INFO  AccountRegisteration - Newsletter No validation completed successfully
2026-10-05 20:46:32 [TestNG-tests-1] INFO  AccountRegisteration - Register Page Navigation Test completed successfully
2026-10-05 20:46:32 [TestNG-tests-1] INFO  AccountRegisteration - Test Case 8
2026-10-05 20:46:34 [TestNG-tests-1] INFO  AccountRegisteration - Verify Resgistration URL 
2026-10-05 20:46:34 [TestNG-tests-3] INFO  AccountRegisteration - Newsletter test completed successfully for status: No
2026-10-05 20:46:34 [TestNG-tests-3] INFO  AccountRegisteration - Test Case 7
2026-10-05 20:46:34 [TestNG-tests-3] INFO  AccountRegisteration - Verify Resgistration URL 
2026-10-05 20:46:37 [TestNG-tests-1] INFO  AccountRegisteration - Confirm Password Warning Message validated successfullyActual Message: Password confirmation does not match password! Expected Message: Password confirmation does not match password!
2026-10-05 20:46:37 [TestNG-tests-1] INFO  AccountRegisteration - Continue Without Entering Confirm Password Test completed successfully
2026-10-05 20:46:42 [TestNG-tests-3] INFO  AccountRegisteration - Register Page Navigation Test completed successfully
2026-10-05 20:46:42 [TestNG-tests-3] INFO  AccountRegisteration - Test Case 8
2026-10-05 20:46:43 [TestNG-tests-3] INFO  AccountRegisteration - Verify Resgistration URL 
2026-10-05 20:46:45 [TestNG-tests-3] INFO  AccountRegisteration - Confirm Password Warning Message validated successfullyActual Message: Password confirmation does not match password! Expected Message: Password confirmation does not match password!
2026-10-05 20:46:45 [TestNG-tests-3] INFO  AccountRegisteration - Continue Without Entering Confirm Password Test completed successfully
2026-10-05 20:51:01 [TestNG-tests-2] INFO  MyLoginTest - Login Test Start
2026-10-05 20:51:09 [TestNG-tests-2] INFO  MyLoginTest - My Accoutn Page is Opening
2026-10-05 20:51:13 [TestNG-tests-3] INFO  MyLoginTest - Login Test Start
2026-10-05 20:51:16 [TestNG-tests-1] INFO  MyLoginTest - Login Test Start
2026-10-05 20:51:19 [TestNG-tests-3] INFO  MyLoginTest - My Accoutn Page is Opening
2026-10-05 20:51:21 [TestNG-tests-1] INFO  MyLoginTest - My Accoutn Page is Opening
2026-10-05 20:51:39 [TestNG-tests-1] INFO  AccountRegisteration - Test Case 1
2026-10-05 20:51:40 [TestNG-tests-2] INFO  AccountRegisteration - Test Case 1
2026-10-05 20:51:42 [TestNG-tests-2] INFO  AccountRegisteration - Verify Resgistration URL 
2026-10-05 20:51:44 [TestNG-tests-3] INFO  AccountRegisteration - Test Case 1
2026-10-05 20:51:44 [TestNG-tests-1] INFO  AccountRegisteration - Verify Resgistration URL 
2026-10-05 20:51:45 [TestNG-tests-3] INFO  AccountRegisteration - Verify Resgistration URL 
2026-10-05 20:51:48 [TestNG-tests-2] INFO  AccountRegisteration - Registration confirmation message: Your Account Has Been Created!
2026-10-05 20:51:50 [TestNG-tests-2] INFO  AccountRegisteration - *****Test Case 4**
2026-10-05 20:51:51 [TestNG-tests-3] INFO  AccountRegisteration - Registration confirmation message: Your Account Has Been Created!
2026-10-05 20:51:51 [TestNG-tests-1] INFO  AccountRegisteration - Registration confirmation message: Your Account Has Been Created!
2026-10-05 20:51:51 [TestNG-tests-2] INFO  AccountRegisteration - Verify Resgistration URL 
2026-10-05 20:51:52 [TestNG-tests-2] INFO  AccountRegisteration - Validating the First NAme warning message
2026-10-05 20:51:53 [TestNG-tests-2] INFO  AccountRegisteration - Validating the Last NAme warning message
2026-10-05 20:51:53 [TestNG-tests-2] INFO  AccountRegisteration - Validating the Email warning message
2026-10-05 20:51:53 [TestNG-tests-2] INFO  AccountRegisteration - Validating the TelePhone NUmber warning message
2026-10-05 20:51:53 [TestNG-tests-2] INFO  AccountRegisteration - Validating the Password warning message
2026-10-05 20:51:53 [TestNG-tests-2] INFO  AccountRegisteration - Validating the Privacy Policy warning message
2026-10-05 20:51:53 [TestNG-tests-2] INFO  AccountRegisteration - *****Test Case 4 Pass**
2026-10-05 20:51:54 [TestNG-tests-1] INFO  AccountRegisteration - *****Test Case 4**
2026-10-05 20:51:54 [TestNG-tests-2] INFO  AccountRegisteration - Test Case 5 & 6
2026-10-05 20:51:54 [TestNG-tests-3] INFO  AccountRegisteration - *****Test Case 4**
2026-10-05 20:51:55 [TestNG-tests-1] INFO  AccountRegisteration - Verify Resgistration URL 
2026-10-05 20:51:55 [TestNG-tests-2] INFO  AccountRegisteration - Verify Resgistration URL 
2026-10-05 20:51:55 [TestNG-tests-3] INFO  AccountRegisteration - Verify Resgistration URL 
2026-10-05 20:51:57 [TestNG-tests-1] INFO  AccountRegisteration - Validating the First NAme warning message
2026-10-05 20:51:57 [TestNG-tests-3] INFO  AccountRegisteration - Validating the First NAme warning message
2026-10-05 20:51:57 [TestNG-tests-1] INFO  AccountRegisteration - Validating the Last NAme warning message
2026-10-05 20:51:57 [TestNG-tests-1] INFO  AccountRegisteration - Validating the Email warning message
2026-10-05 20:51:57 [TestNG-tests-3] INFO  AccountRegisteration - Validating the Last NAme warning message
2026-10-05 20:51:57 [TestNG-tests-1] INFO  AccountRegisteration - Validating the TelePhone NUmber warning message
2026-10-05 20:51:57 [TestNG-tests-3] INFO  AccountRegisteration - Validating the Email warning message
2026-10-05 20:51:57 [TestNG-tests-1] INFO  AccountRegisteration - Validating the Password warning message
2026-10-05 20:51:57 [TestNG-tests-3] INFO  AccountRegisteration - Validating the TelePhone NUmber warning message
2026-10-05 20:51:57 [TestNG-tests-1] INFO  AccountRegisteration - Validating the Privacy Policy warning message
2026-10-05 20:51:57 [TestNG-tests-3] INFO  AccountRegisteration - Validating the Password warning message
2026-10-05 20:51:57 [TestNG-tests-1] INFO  AccountRegisteration - *****Test Case 4 Pass**
2026-10-05 20:51:57 [TestNG-tests-3] INFO  AccountRegisteration - Validating the Privacy Policy warning message
2026-10-05 20:51:57 [TestNG-tests-3] INFO  AccountRegisteration - *****Test Case 4 Pass**
2026-10-05 20:51:58 [TestNG-tests-2] INFO  AccountRegisteration - Registration confirmation message: Your Account Has Been Created!
2026-10-05 20:51:58 [TestNG-tests-1] INFO  AccountRegisteration - Test Case 5 & 6
2026-10-05 20:51:58 [TestNG-tests-3] INFO  AccountRegisteration - Test Case 5 & 6
2026-10-05 20:51:59 [TestNG-tests-3] INFO  AccountRegisteration - Verify Resgistration URL 
2026-10-05 20:51:59 [TestNG-tests-1] INFO  AccountRegisteration - Verify Resgistration URL 
2026-10-05 20:51:59 [TestNG-tests-2] INFO  AccountRegisteration - Newsletter Yes validation completed successfully
2026-10-05 20:52:01 [TestNG-tests-2] INFO  AccountRegisteration - Newsletter test completed successfully for status: Yes
2026-10-05 20:52:01 [TestNG-tests-2] INFO  AccountRegisteration - Test Case 5 & 6
2026-10-05 20:52:02 [TestNG-tests-2] INFO  AccountRegisteration - Verify Resgistration URL 
2026-10-05 20:52:05 [TestNG-tests-1] INFO  AccountRegisteration - Registration confirmation message: Your Account Has Been Created!
2026-10-05 20:52:05 [TestNG-tests-3] INFO  AccountRegisteration - Registration confirmation message: Your Account Has Been Created!
2026-10-05 20:52:05 [TestNG-tests-2] INFO  AccountRegisteration - Registration confirmation message: Your Account Has Been Created!
2026-10-05 20:52:07 [TestNG-tests-2] INFO  AccountRegisteration - Newsletter No validation completed successfully
2026-10-05 20:52:07 [TestNG-tests-1] INFO  AccountRegisteration - Newsletter Yes validation completed successfully
2026-10-05 20:52:08 [TestNG-tests-3] INFO  AccountRegisteration - Newsletter Yes validation completed successfully
2026-10-05 20:52:09 [TestNG-tests-2] INFO  AccountRegisteration - Newsletter test completed successfully for status: No
2026-10-05 20:52:09 [TestNG-tests-2] INFO  AccountRegisteration - Test Case 7
2026-10-05 20:52:09 [TestNG-tests-2] INFO  AccountRegisteration - Verify Resgistration URL 
2026-10-05 20:52:10 [TestNG-tests-1] INFO  AccountRegisteration - Newsletter test completed successfully for status: Yes
2026-10-05 20:52:10 [TestNG-tests-1] INFO  AccountRegisteration - Test Case 5 & 6
2026-10-05 20:52:12 [TestNG-tests-3] INFO  AccountRegisteration - Newsletter test completed successfully for status: Yes
2026-10-05 20:52:12 [TestNG-tests-3] INFO  AccountRegisteration - Test Case 5 & 6
2026-10-05 20:52:13 [TestNG-tests-1] INFO  AccountRegisteration - Verify Resgistration URL 
2026-10-05 20:52:13 [TestNG-tests-2] INFO  AccountRegisteration - Register Page Navigation Test completed successfully
2026-10-05 20:52:13 [TestNG-tests-2] INFO  AccountRegisteration - Test Case 8
2026-10-05 20:52:14 [TestNG-tests-3] INFO  AccountRegisteration - Verify Resgistration URL 
2026-10-05 20:52:14 [TestNG-tests-2] INFO  AccountRegisteration - Verify Resgistration URL 
2026-10-05 20:52:17 [TestNG-tests-2] INFO  AccountRegisteration - Confirm Password Warning Message validated successfullyActual Message: Password confirmation does not match password! Expected Message: Password confirmation does not match password!
2026-10-05 20:52:17 [TestNG-tests-1] INFO  AccountRegisteration - Registration confirmation message: Your Account Has Been Created!
2026-10-05 20:52:17 [TestNG-tests-2] INFO  AccountRegisteration - Continue Without Entering Confirm Password Test completed successfully
2026-10-05 20:52:18 [TestNG-tests-3] INFO  AccountRegisteration - Registration confirmation message: Your Account Has Been Created!
2026-10-05 20:52:19 [TestNG-tests-1] INFO  AccountRegisteration - Newsletter No validation completed successfully
2026-10-05 20:52:20 [TestNG-tests-1] INFO  AccountRegisteration - Newsletter test completed successfully for status: No
2026-10-05 20:52:20 [TestNG-tests-1] INFO  AccountRegisteration - Test Case 7
2026-10-05 20:52:21 [TestNG-tests-3] INFO  AccountRegisteration - Newsletter No validation completed successfully
2026-10-05 20:52:21 [TestNG-tests-1] INFO  AccountRegisteration - Verify Resgistration URL 
2026-10-05 20:52:23 [TestNG-tests-3] INFO  AccountRegisteration - Newsletter test completed successfully for status: No
2026-10-05 20:52:23 [TestNG-tests-3] INFO  AccountRegisteration - Test Case 7
2026-10-05 20:52:24 [TestNG-tests-3] INFO  AccountRegisteration - Verify Resgistration URL 
2026-10-05 20:52:25 [TestNG-tests-1] INFO  AccountRegisteration - Register Page Navigation Test completed successfully
2026-10-05 20:52:25 [TestNG-tests-1] INFO  AccountRegisteration - Test Case 8
2026-10-05 20:52:26 [TestNG-tests-1] INFO  AccountRegisteration - Verify Resgistration URL 
2026-10-05 20:52:27 [TestNG-tests-3] INFO  AccountRegisteration - Register Page Navigation Test completed successfully
2026-10-05 20:52:27 [TestNG-tests-3] INFO  AccountRegisteration - Test Case 8
2026-10-05 20:52:28 [TestNG-tests-3] INFO  AccountRegisteration - Verify Resgistration URL 
2026-10-05 20:52:28 [TestNG-tests-1] INFO  AccountRegisteration - Confirm Password Warning Message validated successfullyActual Message: Password confirmation does not match password! Expected Message: Password confirmation does not match password!
2026-10-05 20:52:29 [TestNG-tests-1] INFO  AccountRegisteration - Continue Without Entering Confirm Password Test completed successfully
2026-10-05 20:52:30 [TestNG-tests-3] INFO  AccountRegisteration - Confirm Password Warning Message validated successfullyActual Message: Password confirmation does not match password! Expected Message: Password confirmation does not match password!
2026-10-05 20:52:30 [TestNG-tests-3] INFO  AccountRegisteration - Continue Without Entering Confirm Password Test completed successfully
